---
source: src/lib.rs
assertion_line: 215
expression: "parse_and_compile(\"-perm 667\").unwrap()"
---
(use-modules (lipe) (lipe find))

(let* ()
  (dynamic-wind
    (lambda () #t)
    (lambda () (lipe-scan
        "/"
        (lipe-getopt-client-mount-path)
        (lambda () (and (= (logand (mode) 4095) 439) (print-relative-path)))
        (lipe-getopt-required-attrs)
        (lipe-getopt-thread-count)))
    (lambda () #t)))
